// Jest Snapshot v1, https://goo.gl/fbAQLP

exports[`ServerError component should render correctly 1`] = `
<div>
  <div
    style="color: red;"
  >
    Server is not available. Try later please...
  </div>
</div>
`;
